// Jest Snapshot v1, https://goo.gl/fbAQLP

exports[`getDependenciesURLPrefix returns url with trailing slash 1`] = `"https://cdn.example.com/deps/"`;

exports[`getMicrofrontendURLPrefix can process scoped packages 1`] = `"https://cdn.example.com/mfes/org-root-config/"`;

exports[`getMicrofrontendURLPrefix can process scoped packages 2`] = `"https://cdn.example.com/mfes/org-name-navbar/"`;

exports[`getMicrofrontendURLPrefix can process scoped packages 3`] = `"https://cdn.example.com/mfes/org_name-left_nav/"`;

exports[`getMicrofrontendURLPrefix can process unscoped packages 1`] = `"https://cdn.example.com/mfes/root-config/"`;

exports[`getMicrofrontendURLPrefix can process unscoped packages 2`] = `"https://cdn.example.com/mfes/navbar/"`;

exports[`getMicrofrontendURLPrefix can process unscoped packages 3`] = `"https://cdn.example.com/mfes/left_nav/"`;
